Archive member included to satisfy reference by file (symbol)

/usr/lib/gcc/avr/14.1.0/avr5/libgcc.a(_exit.o)
                              /usr/lib/gcc/avr/14.1.0/../../../../avr/lib/avr5/crtatmega324pa.o (exit)
/usr/lib/gcc/avr/14.1.0/avr5/libgcc.a(_copy_data.o)
                              pb1.o (__do_copy_data)
/usr/lib/gcc/avr/14.1.0/avr5/libgcc.a(_clear_bss.o)
                              pb1.o (__do_clear_bss)
/usr/lib/gcc/avr/14.1.0/avr5/libgcc.a(_ctors.o)
                              pb1.o (__do_global_ctors)
/usr/lib/gcc/avr/14.1.0/avr5/libgcc.a(_dtors.o)
                              pb1.o (__do_global_dtors)
/usr/lib/gcc/avr/14.1.0/avr5/libgcc.a(_tablejump2.o)
                              /usr/lib/gcc/avr/14.1.0/avr5/libgcc.a(_ctors.o) (__tablejump2__)

There are no discarded input sections

Memory Configuration

Name             Origin             Length             Attributes
text             0x00000000         0x00008000         xr
data             0x00800100         0x00000800         rw!x
eeprom           0x00810000         0x00000400         rw!x
fuse             0x00820000         0x00000003         rw!x
lock             0x00830000         0x00000400         rw!x
signature        0x00840000         0x00000400         rw!x
user_signatures  0x00850000         0x00000400         rw!x
*default*        0x00000000         0xffffffff

Linker script and memory map

Address of section .data set to 0x800100
LOAD /usr/lib/gcc/avr/14.1.0/../../../../avr/lib/avr5/crtatmega324pa.o
LOAD pb1.o
LOAD memoire_24.o
LOAD /usr/lib/gcc/avr/14.1.0/../../../../avr/lib/avr5/libm.a
START GROUP
LOAD /usr/lib/gcc/avr/14.1.0/avr5/libgcc.a
LOAD /usr/lib/gcc/avr/14.1.0/../../../../avr/lib/avr5/libm.a
LOAD /usr/lib/gcc/avr/14.1.0/../../../../avr/lib/avr5/libc.a
LOAD /usr/lib/gcc/avr/14.1.0/../../../../avr/lib/avr5/libatmega324pa.a
END GROUP
                [0x00000000]                      __TEXT_REGION_ORIGIN__ = DEFINED (__TEXT_REGION_ORIGIN__)?__TEXT_REGION_ORIGIN__:0x0
                [0x00008000]                      __TEXT_REGION_LENGTH__ = DEFINED (__TEXT_REGION_LENGTH__)?__TEXT_REGION_LENGTH__:0x20000
                [0x00800100]                      __DATA_REGION_ORIGIN__ = DEFINED (__DATA_REGION_ORIGIN__)?__DATA_REGION_ORIGIN__:0x800060
                [0x00000800]                      __DATA_REGION_LENGTH__ = DEFINED (__DATA_REGION_LENGTH__)?__DATA_REGION_LENGTH__:0xffa0
                [0x00000400]                      __EEPROM_REGION_LENGTH__ = DEFINED (__EEPROM_REGION_LENGTH__)?__EEPROM_REGION_LENGTH__:0x10000
                [0x00000003]                      __FUSE_REGION_LENGTH__ = DEFINED (__FUSE_REGION_LENGTH__)?__FUSE_REGION_LENGTH__:0x400
                0x00000400                        __LOCK_REGION_LENGTH__ = DEFINED (__LOCK_REGION_LENGTH__)?__LOCK_REGION_LENGTH__:0x400
                0x00000400                        __SIGNATURE_REGION_LENGTH__ = DEFINED (__SIGNATURE_REGION_LENGTH__)?__SIGNATURE_REGION_LENGTH__:0x400
                0x00000400                        __USER_SIGNATURE_REGION_LENGTH__ = DEFINED (__USER_SIGNATURE_REGION_LENGTH__)?__USER_SIGNATURE_REGION_LENGTH__:0x400

.hash
 *(.hash)

.dynsym
 *(.dynsym)

.dynstr
 *(.dynstr)

.gnu.version
 *(.gnu.version)

.gnu.version_d
 *(.gnu.version_d)

.gnu.version_r
 *(.gnu.version_r)

.rel.init
 *(.rel.init)

.rela.init
 *(.rela.init)

.rel.text
 *(.rel.text)
 *(.rel.text.*)
 *(.rel.gnu.linkonce.t*)

.rela.text
 *(.rela.text)
 *(.rela.text.*)
 *(.rela.gnu.linkonce.t*)

.rel.fini
 *(.rel.fini)

.rela.fini
 *(.rela.fini)

.rel.rodata
 *(.rel.rodata)
 *(.rel.rodata.*)
 *(.rel.gnu.linkonce.r*)

.rela.rodata
 *(.rela.rodata)
 *(.rela.rodata.*)
 *(.rela.gnu.linkonce.r*)

.rel.data
 *(.rel.data)
 *(.rel.data.*)
 *(.rel.gnu.linkonce.d*)

.rela.data
 *(.rela.data)
 *(.rela.data.*)
 *(.rela.gnu.linkonce.d*)

.rel.ctors
 *(.rel.ctors)

.rela.ctors
 *(.rela.ctors)

.rel.dtors
 *(.rel.dtors)

.rela.dtors
 *(.rela.dtors)

.rel.got
 *(.rel.got)

.rela.got
 *(.rela.got)

.rel.bss
 *(.rel.bss)

.rela.bss
 *(.rela.bss)

.rel.plt
 *(.rel.plt)

.rela.plt
 *(.rela.plt)

.text           0x00000000      0x50a
 *(.vectors)
 .vectors       0x00000000       0x7c /usr/lib/gcc/avr/14.1.0/../../../../avr/lib/avr5/crtatmega324pa.o
                0x00000000                __vectors
                0x00000000                __vector_default
 *(.vectors)
 *(.progmem.gcc*)
                0x0000007c                        . = ALIGN (0x2)
                0x0000007c                        __trampolines_start = .
 *(.trampolines)
 .trampolines   0x0000007c        0x0 linker stubs
 *(.trampolines*)
                0x0000007c                        __trampolines_end = .
 *libprintf_flt.a:*(.progmem.data)
 *libc.a:*(.progmem.data)
 *(.progmem.*)
                0x0000007c                        . = ALIGN (0x2)
 *(.lowtext)
 *(.lowtext*)
                0x0000007c                        __ctors_start = .
 *(.ctors)
 .ctors         0x0000007c        0x2 pb1.o
                0x0000007e                        __ctors_end = .
                0x0000007e                        __dtors_start = .
 *(.dtors)
 .dtors         0x0000007e        0x2 pb1.o
                0x00000080                        __dtors_end = .
 SORT_BY_NAME(*)(.ctors)
 SORT_BY_NAME(*)(.dtors)
 *(.init0)
 .init0         0x00000080        0x0 /usr/lib/gcc/avr/14.1.0/../../../../avr/lib/avr5/crtatmega324pa.o
                0x00000080                __init
 *(.init0)
 *(.init1)
 *(.init1)
 *(.init2)
 .init2         0x00000080        0xc /usr/lib/gcc/avr/14.1.0/../../../../avr/lib/avr5/crtatmega324pa.o
 *(.init2)
 *(.init3)
 *(.init3)
 *(.init4)
 .init4         0x0000008c       0x16 /usr/lib/gcc/avr/14.1.0/avr5/libgcc.a(_copy_data.o)
                0x0000008c                __do_copy_data
 .init4         0x000000a2       0x10 /usr/lib/gcc/avr/14.1.0/avr5/libgcc.a(_clear_bss.o)
                0x000000a2                __do_clear_bss
 *(.init4)
 *(.init5)
 *(.init5)
 *(.init6)
 .init6         0x000000b2       0x16 /usr/lib/gcc/avr/14.1.0/avr5/libgcc.a(_ctors.o)
                0x000000b2                __do_global_ctors
 *(.init6)
 *(.init7)
 *(.init7)
 *(.init8)
 *(.init8)
 *(.init9)
 .init9         0x000000c8        0x8 /usr/lib/gcc/avr/14.1.0/../../../../avr/lib/avr5/crtatmega324pa.o
 *(.init9)
 *(.text)
 .text          0x000000d0        0x4 /usr/lib/gcc/avr/14.1.0/../../../../avr/lib/avr5/crtatmega324pa.o
                0x000000d0                __vector_22
                0x000000d0                __vector_28
                0x000000d0                __vector_1
                0x000000d0                __vector_24
                0x000000d0                __vector_12
                0x000000d0                __bad_interrupt
                0x000000d0                __vector_6
                0x000000d0                __vector_3
                0x000000d0                __vector_23
                0x000000d0                __vector_30
                0x000000d0                __vector_25
                0x000000d0                __vector_11
                0x000000d0                __vector_13
                0x000000d0                __vector_17
                0x000000d0                __vector_19
                0x000000d0                __vector_7
                0x000000d0                __vector_27
                0x000000d0                __vector_5
                0x000000d0                __vector_4
                0x000000d0                __vector_9
                0x000000d0                __vector_2
                0x000000d0                __vector_21
                0x000000d0                __vector_15
                0x000000d0                __vector_29
                0x000000d0                __vector_8
                0x000000d0                __vector_26
                0x000000d0                __vector_14
                0x000000d0                __vector_10
                0x000000d0                __vector_16
                0x000000d0                __vector_18
                0x000000d0                __vector_20
 .text          0x000000d4       0x8c pb1.o
                0x000000d4                _Z13ecrireMemoirev
                0x000000f4                _Z14lireEtComparerv
                0x0000014e                _Z16afficherResultatb
 .text          0x00000160      0x35e memoire_24.o
                0x00000160                _ZN13Memoire24CXXXD2Ev
                0x00000160                _ZN13Memoire24CXXXD1Ev
                0x00000162                _ZN13Memoire24CXXX4initEv
                0x00000174                _ZN13Memoire24CXXXC2Ev
                0x00000174                _ZN13Memoire24CXXXC1Ev
                0x00000180                _ZN13Memoire24CXXX12choisir_bancEh
                0x00000192                _ZN13Memoire24CXXX7lectureEjPh
                0x00000254                _ZN13Memoire24CXXX7lectureEjPhh
                0x0000031e                _ZN13Memoire24CXXX8ecritureEjh
                0x000003ae                _ZN13Memoire24CXXX11ecrire_pageEjPhh
                0x00000478                _ZN13Memoire24CXXX8ecritureEjPhh
 .text          0x000004be        0x0 /usr/lib/gcc/avr/14.1.0/avr5/libgcc.a(_exit.o)
 .text          0x000004be        0x0 /usr/lib/gcc/avr/14.1.0/avr5/libgcc.a(_copy_data.o)
 .text          0x000004be        0x0 /usr/lib/gcc/avr/14.1.0/avr5/libgcc.a(_clear_bss.o)
 .text          0x000004be        0x0 /usr/lib/gcc/avr/14.1.0/avr5/libgcc.a(_ctors.o)
 .text          0x000004be        0x0 /usr/lib/gcc/avr/14.1.0/avr5/libgcc.a(_dtors.o)
 .text          0x000004be        0x0 /usr/lib/gcc/avr/14.1.0/avr5/libgcc.a(_tablejump2.o)
                0x000004be                        . = ALIGN (0x2)
 *(.text.*)
 .text.startup  0x000004be       0x1e pb1.o
                0x000004be                main
 .text.exit     0x000004dc        0x8 pb1.o
 .text.libgcc.mul
                0x000004e4        0x0 /usr/lib/gcc/avr/14.1.0/avr5/libgcc.a(_exit.o)
 .text.libgcc.div
                0x000004e4        0x0 /usr/lib/gcc/avr/14.1.0/avr5/libgcc.a(_exit.o)
 .text.libgcc   0x000004e4        0x0 /usr/lib/gcc/avr/14.1.0/avr5/libgcc.a(_exit.o)
 .text.libgcc.prologue
                0x000004e4        0x0 /usr/lib/gcc/avr/14.1.0/avr5/libgcc.a(_exit.o)
 .text.libgcc.builtins
                0x000004e4        0x0 /usr/lib/gcc/avr/14.1.0/avr5/libgcc.a(_exit.o)
 .text.libgcc.fmul
                0x000004e4        0x0 /usr/lib/gcc/avr/14.1.0/avr5/libgcc.a(_exit.o)
 .text.libgcc.fixed
                0x000004e4        0x0 /usr/lib/gcc/avr/14.1.0/avr5/libgcc.a(_exit.o)
 .text.libgcc.mul
                0x000004e4        0x0 /usr/lib/gcc/avr/14.1.0/avr5/libgcc.a(_copy_data.o)
 .text.libgcc.div
                0x000004e4        0x0 /usr/lib/gcc/avr/14.1.0/avr5/libgcc.a(_copy_data.o)
 .text.libgcc   0x000004e4        0x0 /usr/lib/gcc/avr/14.1.0/avr5/libgcc.a(_copy_data.o)
 .text.libgcc.prologue
                0x000004e4        0x0 /usr/lib/gcc/avr/14.1.0/avr5/libgcc.a(_copy_data.o)
 .text.libgcc.builtins
                0x000004e4        0x0 /usr/lib/gcc/avr/14.1.0/avr5/libgcc.a(_copy_data.o)
 .text.libgcc.fmul
                0x000004e4        0x0 /usr/lib/gcc/avr/14.1.0/avr5/libgcc.a(_copy_data.o)
 .text.libgcc.fixed
                0x000004e4        0x0 /usr/lib/gcc/avr/14.1.0/avr5/libgcc.a(_copy_data.o)
 .text.libgcc.mul
                0x000004e4        0x0 /usr/lib/gcc/avr/14.1.0/avr5/libgcc.a(_clear_bss.o)
 .text.libgcc.div
                0x000004e4        0x0 /usr/lib/gcc/avr/14.1.0/avr5/libgcc.a(_clear_bss.o)
 .text.libgcc   0x000004e4        0x0 /usr/lib/gcc/avr/14.1.0/avr5/libgcc.a(_clear_bss.o)
 .text.libgcc.prologue
                0x000004e4        0x0 /usr/lib/gcc/avr/14.1.0/avr5/libgcc.a(_clear_bss.o)
 .text.libgcc.builtins
                0x000004e4        0x0 /usr/lib/gcc/avr/14.1.0/avr5/libgcc.a(_clear_bss.o)
 .text.libgcc.fmul
                0x000004e4        0x0 /usr/lib/gcc/avr/14.1.0/avr5/libgcc.a(_clear_bss.o)
 .text.libgcc.fixed
                0x000004e4        0x0 /usr/lib/gcc/avr/14.1.0/avr5/libgcc.a(_clear_bss.o)
 .text.libgcc.mul
                0x000004e4        0x0 /usr/lib/gcc/avr/14.1.0/avr5/libgcc.a(_ctors.o)
 .text.libgcc.div
                0x000004e4        0x0 /usr/lib/gcc/avr/14.1.0/avr5/libgcc.a(_ctors.o)
 .text.libgcc   0x000004e4        0x0 /usr/lib/gcc/avr/14.1.0/avr5/libgcc.a(_ctors.o)
 .text.libgcc.prologue
                0x000004e4        0x0 /usr/lib/gcc/avr/14.1.0/avr5/libgcc.a(_ctors.o)
 .text.libgcc.builtins
                0x000004e4        0x0 /usr/lib/gcc/avr/14.1.0/avr5/libgcc.a(_ctors.o)
 .text.libgcc.fmul
                0x000004e4        0x0 /usr/lib/gcc/avr/14.1.0/avr5/libgcc.a(_ctors.o)
 .text.libgcc.fixed
                0x000004e4        0x0 /usr/lib/gcc/avr/14.1.0/avr5/libgcc.a(_ctors.o)
 .text.libgcc.mul
                0x000004e4        0x0 /usr/lib/gcc/avr/14.1.0/avr5/libgcc.a(_dtors.o)
 .text.libgcc.div
                0x000004e4        0x0 /usr/lib/gcc/avr/14.1.0/avr5/libgcc.a(_dtors.o)
 .text.libgcc   0x000004e4        0x0 /usr/lib/gcc/avr/14.1.0/avr5/libgcc.a(_dtors.o)
 .text.libgcc.prologue
                0x000004e4        0x0 /usr/lib/gcc/avr/14.1.0/avr5/libgcc.a(_dtors.o)
 .text.libgcc.builtins
                0x000004e4        0x0 /usr/lib/gcc/avr/14.1.0/avr5/libgcc.a(_dtors.o)
 .text.libgcc.fmul
                0x000004e4        0x0 /usr/lib/gcc/avr/14.1.0/avr5/libgcc.a(_dtors.o)
 .text.libgcc.fixed
                0x000004e4        0x0 /usr/lib/gcc/avr/14.1.0/avr5/libgcc.a(_dtors.o)
 .text.libgcc.mul
                0x000004e4        0x0 /usr/lib/gcc/avr/14.1.0/avr5/libgcc.a(_tablejump2.o)
 .text.libgcc.div
                0x000004e4        0x0 /usr/lib/gcc/avr/14.1.0/avr5/libgcc.a(_tablejump2.o)
 .text.libgcc   0x000004e4        0xc /usr/lib/gcc/avr/14.1.0/avr5/libgcc.a(_tablejump2.o)
                0x000004e4                __tablejump2__
 .text.libgcc.prologue
                0x000004f0        0x0 /usr/lib/gcc/avr/14.1.0/avr5/libgcc.a(_tablejump2.o)
 .text.libgcc.builtins
                0x000004f0        0x0 /usr/lib/gcc/avr/14.1.0/avr5/libgcc.a(_tablejump2.o)
 .text.libgcc.fmul
                0x000004f0        0x0 /usr/lib/gcc/avr/14.1.0/avr5/libgcc.a(_tablejump2.o)
 .text.libgcc.fixed
                0x000004f0        0x0 /usr/lib/gcc/avr/14.1.0/avr5/libgcc.a(_tablejump2.o)
                0x000004f0                        . = ALIGN (0x2)
 *(.fini9)
 .fini9         0x000004f0        0x0 /usr/lib/gcc/avr/14.1.0/avr5/libgcc.a(_exit.o)
                0x000004f0                exit
                0x000004f0                _exit
 *(.fini9)
 *(.fini8)
 *(.fini8)
 *(.fini7)
 *(.fini7)
 *(.fini6)
 .fini6         0x000004f0       0x16 /usr/lib/gcc/avr/14.1.0/avr5/libgcc.a(_dtors.o)
                0x000004f0                __do_global_dtors
 *(.fini6)
 *(.fini5)
 *(.fini5)
 *(.fini4)
 *(.fini4)
 *(.fini3)
 *(.fini3)
 *(.fini2)
 *(.fini2)
 *(.fini1)
 *(.fini1)
 *(.fini0)
 .fini0         0x00000506        0x4 /usr/lib/gcc/avr/14.1.0/avr5/libgcc.a(_exit.o)
 *(.fini0)
 *(.hightext)
 *(.hightext*)
 *(.progmemx.*)
                0x0000050a                        . = ALIGN (0x2)
 *(.jumptables)
 *(.jumptables*)
                0x0000050a                        _etext = .

.data           0x00800100       0x30 load address 0x0000050a
                0x00800100                        PROVIDE (__data_start = .)
 *(.data)
 .data          0x00800100        0x0 /usr/lib/gcc/avr/14.1.0/../../../../avr/lib/avr5/crtatmega324pa.o
 .data          0x00800100        0x0 pb1.o
 .data          0x00800100        0x1 memoire_24.o
                0x00800100                _ZN13Memoire24CXXX22m_adresse_peripheriqueE
 .data          0x00800101        0x0 /usr/lib/gcc/avr/14.1.0/avr5/libgcc.a(_exit.o)
 .data          0x00800101        0x0 /usr/lib/gcc/avr/14.1.0/avr5/libgcc.a(_copy_data.o)
 .data          0x00800101        0x0 /usr/lib/gcc/avr/14.1.0/avr5/libgcc.a(_clear_bss.o)
 .data          0x00800101        0x0 /usr/lib/gcc/avr/14.1.0/avr5/libgcc.a(_ctors.o)
 .data          0x00800101        0x0 /usr/lib/gcc/avr/14.1.0/avr5/libgcc.a(_dtors.o)
 .data          0x00800101        0x0 /usr/lib/gcc/avr/14.1.0/avr5/libgcc.a(_tablejump2.o)
 *(.data*)
 *(.gnu.linkonce.d*)
 *(.rodata)
 .rodata        0x00800101       0x2f pb1.o
 *(.rodata*)
 *(.gnu.linkonce.r*)
                0x00800130                        . = ALIGN (0x2)
                0x00800130                        _edata = .
                0x00800130                        PROVIDE (__data_end = .)

.bss            0x00800130        0x1
                0x00800130                        PROVIDE (__bss_start = .)
 *(.bss)
 .bss           0x00800130        0x0 /usr/lib/gcc/avr/14.1.0/../../../../avr/lib/avr5/crtatmega324pa.o
 .bss           0x00800130        0x1 pb1.o
                0x00800130                memoire
 .bss           0x00800131        0x0 memoire_24.o
 .bss           0x00800131        0x0 /usr/lib/gcc/avr/14.1.0/avr5/libgcc.a(_exit.o)
 .bss           0x00800131        0x0 /usr/lib/gcc/avr/14.1.0/avr5/libgcc.a(_copy_data.o)
 .bss           0x00800131        0x0 /usr/lib/gcc/avr/14.1.0/avr5/libgcc.a(_clear_bss.o)
 .bss           0x00800131        0x0 /usr/lib/gcc/avr/14.1.0/avr5/libgcc.a(_ctors.o)
 .bss           0x00800131        0x0 /usr/lib/gcc/avr/14.1.0/avr5/libgcc.a(_dtors.o)
 .bss           0x00800131        0x0 /usr/lib/gcc/avr/14.1.0/avr5/libgcc.a(_tablejump2.o)
 *(.bss*)
 *(COMMON)
                0x00800131                        PROVIDE (__bss_end = .)
                0x0000050a                        __data_load_start = LOADADDR (.data)
                0x0000053a                        __data_load_end = (__data_load_start + SIZEOF (.data))

.noinit         0x00800131        0x0
                [!provide]                        PROVIDE (__noinit_start = .)
 *(.noinit .noinit.* .gnu.linkonce.n.*)
                [!provide]                        PROVIDE (__noinit_end = .)
                0x00800131                        _end = .
                [!provide]                        PROVIDE (__heap_start = .)
                [!provide]                        PROVIDE (__flmap_init_label = DEFINED (__flmap_noinit_start)?__flmap_noinit_start:0x0)
                [!provide]                        PROVIDE (__flmap = DEFINED (__flmap)?__flmap:0x0)

.eeprom         0x00810000        0x0
 *(.eeprom*)
                0x00810000                        __eeprom_end = .

.fuse
 *(.fuse)
 *(.lfuse)
 *(.hfuse)
 *(.efuse)

.lock
 *(.lock*)

.signature
 *(.signature*)

.stab
 *(.stab)

.stabstr
 *(.stabstr)

.stab.excl
 *(.stab.excl)

.stab.exclstr
 *(.stab.exclstr)

.stab.index
 *(.stab.index)

.stab.indexstr
 *(.stab.indexstr)

.comment        0x00000000       0x22
 *(.comment)
 .comment       0x00000000       0x22 pb1.o
                                 0x23 (size before relaxing)
 .comment       0x00000022       0x23 memoire_24.o

.note.gnu.avr.deviceinfo
                0x00000000       0x40
 .note.gnu.avr.deviceinfo
                0x00000000       0x40 /usr/lib/gcc/avr/14.1.0/../../../../avr/lib/avr5/crtatmega324pa.o

.gnu.build.attributes
 *(.gnu.build.attributes .gnu.build.attributes.*)

.note.gnu.build-id
 *(.note.gnu.build-id)

.debug
 *(.debug)

.line
 *(.line)

.debug_srcinfo
 *(.debug_srcinfo)

.debug_sfnames
 *(.debug_sfnames)

.debug_aranges  0x00000000      0x118
 *(.debug_aranges)
 .debug_aranges
                0x00000000       0x38 pb1.o
 .debug_aranges
                0x00000038       0x20 memoire_24.o
 .debug_aranges
                0x00000058       0x20 /usr/lib/gcc/avr/14.1.0/avr5/libgcc.a(_exit.o)
 .debug_aranges
                0x00000078       0x20 /usr/lib/gcc/avr/14.1.0/avr5/libgcc.a(_copy_data.o)
 .debug_aranges
                0x00000098       0x20 /usr/lib/gcc/avr/14.1.0/avr5/libgcc.a(_clear_bss.o)
 .debug_aranges
                0x000000b8       0x20 /usr/lib/gcc/avr/14.1.0/avr5/libgcc.a(_ctors.o)
 .debug_aranges
                0x000000d8       0x20 /usr/lib/gcc/avr/14.1.0/avr5/libgcc.a(_dtors.o)
 .debug_aranges
                0x000000f8       0x20 /usr/lib/gcc/avr/14.1.0/avr5/libgcc.a(_tablejump2.o)

.debug_pubnames
 *(.debug_pubnames)

.debug_info     0x00000000     0x1293
 *(.debug_info .gnu.linkonce.wi.*)
 .debug_info    0x00000000      0x6cc /usr/lib/gcc/avr/14.1.0/../../../../avr/lib/avr5/crtatmega324pa.o
 .debug_info    0x000006cc      0x4f3 pb1.o
 .debug_info    0x00000bbf      0x5fc memoire_24.o
 .debug_info    0x000011bb       0x24 /usr/lib/gcc/avr/14.1.0/avr5/libgcc.a(_exit.o)
 .debug_info    0x000011df       0x24 /usr/lib/gcc/avr/14.1.0/avr5/libgcc.a(_copy_data.o)
 .debug_info    0x00001203       0x24 /usr/lib/gcc/avr/14.1.0/avr5/libgcc.a(_clear_bss.o)
 .debug_info    0x00001227       0x24 /usr/lib/gcc/avr/14.1.0/avr5/libgcc.a(_ctors.o)
 .debug_info    0x0000124b       0x24 /usr/lib/gcc/avr/14.1.0/avr5/libgcc.a(_dtors.o)
 .debug_info    0x0000126f       0x24 /usr/lib/gcc/avr/14.1.0/avr5/libgcc.a(_tablejump2.o)

.debug_abbrev   0x00000000      0xca7
 *(.debug_abbrev)
 .debug_abbrev  0x00000000      0x66e /usr/lib/gcc/avr/14.1.0/../../../../avr/lib/avr5/crtatmega324pa.o
 .debug_abbrev  0x0000066e      0x2dd pb1.o
 .debug_abbrev  0x0000094b      0x2e4 memoire_24.o
 .debug_abbrev  0x00000c2f       0x14 /usr/lib/gcc/avr/14.1.0/avr5/libgcc.a(_exit.o)
 .debug_abbrev  0x00000c43       0x14 /usr/lib/gcc/avr/14.1.0/avr5/libgcc.a(_copy_data.o)
 .debug_abbrev  0x00000c57       0x14 /usr/lib/gcc/avr/14.1.0/avr5/libgcc.a(_clear_bss.o)
 .debug_abbrev  0x00000c6b       0x14 /usr/lib/gcc/avr/14.1.0/avr5/libgcc.a(_ctors.o)
 .debug_abbrev  0x00000c7f       0x14 /usr/lib/gcc/avr/14.1.0/avr5/libgcc.a(_dtors.o)
 .debug_abbrev  0x00000c93       0x14 /usr/lib/gcc/avr/14.1.0/avr5/libgcc.a(_tablejump2.o)

.debug_line     0x00000000     0x13af
 *(.debug_line .debug_line.* .debug_line_end)
 .debug_line    0x00000000       0x1d /usr/lib/gcc/avr/14.1.0/../../../../avr/lib/avr5/crtatmega324pa.o
 .debug_line    0x0000001d      0x250 pb1.o
 .debug_line    0x0000026d      0xe8a memoire_24.o
 .debug_line    0x000010f7       0x51 /usr/lib/gcc/avr/14.1.0/avr5/libgcc.a(_exit.o)
 .debug_line    0x00001148       0x87 /usr/lib/gcc/avr/14.1.0/avr5/libgcc.a(_copy_data.o)
 .debug_line    0x000011cf       0x75 /usr/lib/gcc/avr/14.1.0/avr5/libgcc.a(_clear_bss.o)
 .debug_line    0x00001244       0x81 /usr/lib/gcc/avr/14.1.0/avr5/libgcc.a(_ctors.o)
 .debug_line    0x000012c5       0x81 /usr/lib/gcc/avr/14.1.0/avr5/libgcc.a(_dtors.o)
 .debug_line    0x00001346       0x69 /usr/lib/gcc/avr/14.1.0/avr5/libgcc.a(_tablejump2.o)

.debug_frame    0x00000000      0x158
 *(.debug_frame)
 .debug_frame   0x00000000       0x84 pb1.o
 .debug_frame   0x00000084       0xd4 memoire_24.o

.debug_str      0x00000000      0x7c0
 *(.debug_str)
 .debug_str     0x00000000      0x255 /usr/lib/gcc/avr/14.1.0/../../../../avr/lib/avr5/crtatmega324pa.o
 .debug_str     0x00000255      0x56b pb1.o
                                0x485 (size before relaxing)
 .debug_str     0x000007c0      0x3a1 memoire_24.o
 .debug_str     0x000007c0       0x7d /usr/lib/gcc/avr/14.1.0/avr5/libgcc.a(_exit.o)
 .debug_str     0x000007c0       0x7d /usr/lib/gcc/avr/14.1.0/avr5/libgcc.a(_copy_data.o)
 .debug_str     0x000007c0       0x7d /usr/lib/gcc/avr/14.1.0/avr5/libgcc.a(_clear_bss.o)
 .debug_str     0x000007c0       0x7d /usr/lib/gcc/avr/14.1.0/avr5/libgcc.a(_ctors.o)
 .debug_str     0x000007c0       0x7d /usr/lib/gcc/avr/14.1.0/avr5/libgcc.a(_dtors.o)
 .debug_str     0x000007c0       0x7d /usr/lib/gcc/avr/14.1.0/avr5/libgcc.a(_tablejump2.o)

.debug_loc
 *(.debug_loc)

.debug_macinfo
 *(.debug_macinfo)

.debug_weaknames
 *(.debug_weaknames)

.debug_funcnames
 *(.debug_funcnames)

.debug_typenames
 *(.debug_typenames)

.debug_varnames
 *(.debug_varnames)

.debug_pubtypes
 *(.debug_pubtypes)

.debug_ranges
 *(.debug_ranges)

.debug_addr
 *(.debug_addr)

.debug_line_str
                0x00000000       0xf5
 *(.debug_line_str)
 .debug_line_str
                0x00000000       0xf5 pb1.o
                                 0xad (size before relaxing)
 .debug_line_str
                0x000000f5       0xa4 memoire_24.o
 .debug_line_str
                0x000000f5       0x71 /usr/lib/gcc/avr/14.1.0/avr5/libgcc.a(_exit.o)
 .debug_line_str
                0x000000f5       0x71 /usr/lib/gcc/avr/14.1.0/avr5/libgcc.a(_copy_data.o)
 .debug_line_str
                0x000000f5       0x71 /usr/lib/gcc/avr/14.1.0/avr5/libgcc.a(_clear_bss.o)
 .debug_line_str
                0x000000f5       0x71 /usr/lib/gcc/avr/14.1.0/avr5/libgcc.a(_ctors.o)
 .debug_line_str
                0x000000f5       0x71 /usr/lib/gcc/avr/14.1.0/avr5/libgcc.a(_dtors.o)
 .debug_line_str
                0x000000f5       0x71 /usr/lib/gcc/avr/14.1.0/avr5/libgcc.a(_tablejump2.o)

.debug_loclists
                0x00000000      0x3b2
 *(.debug_loclists)
 .debug_loclists
                0x00000000       0x87 pb1.o
 .debug_loclists
                0x00000087      0x32b memoire_24.o

.debug_macro
 *(.debug_macro)

.debug_names
 *(.debug_names)

.debug_rnglists
                0x00000000       0x32
 *(.debug_rnglists)
 .debug_rnglists
                0x00000000       0x32 pb1.o

.debug_str_offsets
 *(.debug_str_offsets)

.debug_sup
 *(.debug_sup)
OUTPUT(pb1.elf elf32-avr)
LOAD linker stubs
